Test Report - 08/09/2025 11:28:39
Total: 7
Passed: 7  
Failed: 0
Pass Rate: 100%
